// Jest Snapshot v1, https://goo.gl/fbAQLP

exports[`ModalRegistrarVehiculo component should render successfully 1`] = `
<div
  class="MuiDialog-root"
  data-testid="form"
  role="presentation"
  style="position: fixed; z-index: 1300; right: 0px; bottom: 0px; top: 0px; left: 0px;"
>
  <div
    aria-hidden="true"
    class="MuiBackdrop-root"
    style="opacity: 1; webkit-transition: opacity 225ms cubic-bezier(0.4, 0, 0.2, 1) 0ms; transition: opacity 225ms cubic-bezier(0.4, 0, 0.2, 1) 0ms;"
  />
  <div
    data-test="sentinelStart"
    tabindex="0"
  />
  <div
    class="MuiDialog-container MuiDialog-scrollPaper"
    role="none presentation"
    style="opacity: 1; webkit-transition: opacity 225ms cubic-bezier(0.4, 0, 0.2, 1) 0ms; transition: opacity 225ms cubic-bezier(0.4, 0, 0.2, 1) 0ms;"
    tabindex="-1"
  >
    <div
      class="MuiPaper-root MuiDialog-paper MuiDialog-paperScrollPaper MuiDialog-paperWidthSm MuiPaper-elevation24 MuiPaper-rounded"
      role="dialog"
    >
      <form>
        <div
          class="MuiDialogTitle-root"
        >
          <h2
            class="MuiTypography-root MuiTypography-h6"
          >
            Agregar vehículo
          </h2>
        </div>
        <div
          class="MuiDialogContent-root"
        >
          <div
            class="MuiGrid-root MuiGrid-container MuiGrid-spacing-xs-1 MuiGrid-direction-xs-column"
          >
            <div
              class="MuiGrid-root MuiGrid-item"
            >
              <div
                class="MuiFormControl-root MuiTextField-root MuiFormControl-fullWidth"
                data-testid="camporequerido"
              >
                <label
                  class="MuiFormLabel-root MuiInputLabel-root MuiInputLabel-formControl MuiInputLabel-animated"
                  data-shrink="false"
                  for="Marca"
                  id="Marca-label"
                >
                  Marca
                </label>
                <div
                  class="MuiInputBase-root MuiInput-root MuiInput-underline MuiInputBase-fullWidth MuiInput-fullWidth MuiInputBase-formControl MuiInput-formControl"
                >
                  <input
                    aria-invalid="false"
                    class="MuiInputBase-input MuiInput-input"
                    id="Marca"
                    type="text"
                    value=""
                  />
                </div>
              </div>
            </div>
            <div
              class="MuiGrid-root MuiGrid-item"
            >
              <div
                class="MuiFormControl-root MuiTextField-root MuiFormControl-fullWidth"
              >
                <label
                  class="MuiFormLabel-root MuiInputLabel-root MuiInputLabel-formControl MuiInputLabel-animated"
                  data-shrink="false"
                  for="Modelo"
                  id="Modelo-label"
                >
                  Modelo
                </label>
                <div
                  class="MuiInputBase-root MuiInput-root MuiInput-underline MuiInputBase-fullWidth MuiInput-fullWidth MuiInputBase-formControl MuiInput-formControl"
                >
                  <input
                    aria-invalid="false"
                    class="MuiInputBase-input MuiInput-input"
                    id="Modelo"
                    type="text"
                    value=""
                  />
                </div>
              </div>
            </div>
            <div
              class="MuiGrid-root MuiGrid-item"
            >
              <div
                class="MuiFormControl-root MuiTextField-root MuiFormControl-fullWidth"
              >
                <label
                  class="MuiFormLabel-root MuiInputLabel-root MuiInputLabel-formControl MuiInputLabel-animated"
                  data-shrink="false"
                  for="Año"
                  id="Año-label"
                >
                  Año
                </label>
                <div
                  class="MuiInputBase-root MuiInput-root MuiInput-underline MuiInputBase-fullWidth MuiInput-fullWidth MuiInputBase-formControl MuiInput-formControl"
                >
                  <input
                    aria-invalid="false"
                    class="MuiInputBase-input MuiInput-input"
                    id="Año"
                    type="text"
                    value=""
                  />
                </div>
                
              </div>
            </div>
            <div
              class="MuiGrid-root MuiGrid-item"
            >
              <div
                class="MuiGrid-root MuiGrid-container"
              >
                <div
                  class="MuiGrid-root MuiGrid-item"
                  style="margin-right: 20px;"
                >
                  <label
                    class="MuiFormControlLabel-root"
                    id="Airbag"
                  >
                    <span
                      aria-disabled="false"
                      class="MuiButtonBase-root MuiIconButton-root PrivateSwitchBase-root-1 MuiCheckbox-root MuiCheckbox-colorSecondary MuiIconButton-colorSecondary"
                    >
                      <span
                        class="MuiIconButton-label"
                      >
                        <input
                          class="PrivateSwitchBase-input-4"
                          data-indeterminate="false"
                          type="checkbox"
                          value="false"
                        />
                        <svg
                          aria-hidden="true"
                          class="MuiSvgIcon-root"
                          focusable="false"
                          viewBox="0 0 24 24"
                        >
                          <path
                            d="M19 5v14H5V5h14m0-2H5c-1.1 0-2 .9-2 2v14c0 1.1.9 2 2 2h14c1.1 0 2-.9 2-2V5c0-1.1-.9-2-2-2z"
                          />
                        </svg>
                      </span>
                      <span
                        class="MuiTouchRipple-root"
                      />
                    </span>
                    <span
                      class="MuiTypography-root MuiFormControlLabel-label MuiTypography-body1"
                    >
                      Airbag
                    </span>
                  </label>
                </div>
                <div
                  class="MuiGrid-root MuiGrid-item"
                >
                  <label
                    class="MuiFormControlLabel-root"
                    id="A/C"
                  >
                    <span
                      aria-disabled="false"
                      class="MuiButtonBase-root MuiIconButton-root PrivateSwitchBase-root-1 MuiCheckbox-root MuiCheckbox-colorSecondary MuiIconButton-colorSecondary"
                    >
                      <span
                        class="MuiIconButton-label"
                      >
                        <input
                          class="PrivateSwitchBase-input-4"
                          data-indeterminate="false"
                          type="checkbox"
                          value="false"
                        />
                        <svg
                          aria-hidden="true"
                          class="MuiSvgIcon-root"
                          focusable="false"
                          viewBox="0 0 24 24"
                        >
                          <path
                            d="M19 5v14H5V5h14m0-2H5c-1.1 0-2 .9-2 2v14c0 1.1.9 2 2 2h14c1.1 0 2-.9 2-2V5c0-1.1-.9-2-2-2z"
                          />
                        </svg>
                      </span>
                      <span
                        class="MuiTouchRipple-root"
                      />
                    </span>
                    <span
                      class="MuiTypography-root MuiFormControlLabel-label MuiTypography-body1"
                    >
                      A/C
                    </span>
                  </label>
                </div>
              </div>
            </div>
            <div
              class="MuiGrid-root MuiGrid-item"
            >
              <div
                class="MuiFormControl-root MuiTextField-root MuiFormControl-fullWidth"
              >
                <label
                  class="MuiFormLabel-root MuiInputLabel-root MuiInputLabel-formControl MuiInputLabel-animated"
                  data-shrink="false"
                  for="Asientos"
                  id="Asientos-label"
                >
                  Asientos
                </label>
                <div
                  class="MuiInputBase-root MuiInput-root MuiInput-underline MuiInputBase-fullWidth MuiInput-fullWidth MuiInputBase-formControl MuiInput-formControl"
                >
                  <input
                    aria-invalid="false"
                    class="MuiInputBase-input MuiInput-input"
                    id="Asientos"
                    type="text"
                    value=""
                  />
                </div>
                
              </div>
            </div>
            <div
              class="MuiGrid-root MuiGrid-item"
            >
              <div
                class="MuiFormControl-root MuiTextField-root MuiFormControl-fullWidth"
              >
                <label
                  class="MuiFormLabel-root MuiInputLabel-root MuiInputLabel-formControl MuiInputLabel-animated"
                  data-shrink="false"
                  for="Matrícula"
                  id="Matrícula-label"
                >
                  Matrícula
                </label>
                <div
                  class="MuiInputBase-root MuiInput-root MuiInput-underline MuiInputBase-fullWidth MuiInput-fullWidth MuiInputBase-formControl MuiInput-formControl"
                >
                  <input
                    aria-invalid="false"
                    class="MuiInputBase-input MuiInput-input"
                    id="Matrícula"
                    type="text"
                    value=""
                  />
                </div>
                
              </div>
            </div>
            <div
              class="MuiGrid-root MuiGrid-item"
            >
              <label
                for="upload-file"
                style="display: block; margin-top: 15px;"
              >
                <h6
                  class="MuiTypography-root MuiTypography-subtitle2"
                >
                  Propiedad del vehículo
                </h6>
              </label>
              <div
                accept="image/*"
                class="MuiFormControl-root MuiTextField-root MuiFormControl-fullWidth"
                data-testid="upload-file"
              >
                <div
                  class="MuiInputBase-root MuiInput-root MuiInput-underline MuiInputBase-fullWidth MuiInput-fullWidth MuiInputBase-formControl MuiInput-formControl"
                >
                  <input
                    aria-invalid="false"
                    class="MuiInputBase-input MuiInput-input"
                    id="upload-file"
                    type="file"
                    value=""
                  />
                </div>
              </div>
              
            </div>
          </div>
        </div>
        <div
          class="MuiDialogActions-root MuiDialogActions-spacing"
        >
          <button
            class="MuiButtonBase-root MuiButton-root MuiButton-text MuiButton-textPrimary"
            tabindex="0"
            type="button"
          >
            <span
              class="MuiButton-label"
            >
              Cancelar
            </span>
            <span
              class="MuiTouchRipple-root"
            />
          </button>
          <button
            class="MuiButtonBase-root MuiButton-root MuiButton-text MuiButton-textPrimary"
            tabindex="0"
            type="submit"
          >
            <span
              class="MuiButton-label"
            >
              Agregar
            </span>
            <span
              class="MuiTouchRipple-root"
            />
          </button>
        </div>
      </form>
    </div>
  </div>
  <div
    data-test="sentinelEnd"
    tabindex="0"
  />
</div>
`;
